Archive member included because of file (symbol)

C:\marmalade\8.6\s3e\edk\lib\android/libedk.a(IwDebug.o)
                              debug\dpiExt_platform.os (IwDebugTraceIsChannelOn)
C:\marmalade\8.6\s3e\edk\lib\android/libedk.a(edk_helpers.o)
                              debug\dpiExt_platform.os (s3eEdkThreadRunOnOS)
C:\marmalade\8.6\s3e\edk\lib\android/libedk.a(android_edk_marker.o)
                              -u libplaceholderplaceholderplaceholderplaceholderplaceholder
c:/android/android-ndk-r10d/toolchains/arm-linux-androideabi-4.9/prebuilt/windows/bin/../lib/gcc/arm-linux-androideabi/4.9/libgcc.a(_aeabi_ldivmod.o)
                              C:\marmalade\8.6\s3e\edk\lib\android/libedk.a(IwDebug.o) (__aeabi_ldivmod)
c:/android/android-ndk-r10d/toolchains/arm-linux-androideabi-4.9/prebuilt/windows/bin/../lib/gcc/arm-linux-androideabi/4.9/libgcc.a(_dvmd_lnx.o)
                              c:/android/android-ndk-r10d/toolchains/arm-linux-androideabi-4.9/prebuilt/windows/bin/../lib/gcc/arm-linux-androideabi/4.9/libgcc.a(_aeabi_ldivmod.o) (__aeabi_ldiv0)
c:/android/android-ndk-r10d/toolchains/arm-linux-androideabi-4.9/prebuilt/windows/bin/../lib/gcc/arm-linux-androideabi/4.9/libgcc.a(bpabi.o)
                              c:/android/android-ndk-r10d/toolchains/arm-linux-androideabi-4.9/prebuilt/windows/bin/../lib/gcc/arm-linux-androideabi/4.9/libgcc.a(_aeabi_ldivmod.o) (__gnu_ldivmod_helper)
c:/android/android-ndk-r10d/toolchains/arm-linux-androideabi-4.9/prebuilt/windows/bin/../lib/gcc/arm-linux-androideabi/4.9/libgcc.a(unwind-arm.o)
                              c:/android/android-ndk-r10d/toolchains/arm-linux-androideabi-4.9/prebuilt/windows/bin/../lib/gcc/arm-linux-androideabi/4.9/libgcc.a(bpabi.o) (__aeabi_unwind_cpp_pr0)
c:/android/android-ndk-r10d/toolchains/arm-linux-androideabi-4.9/prebuilt/windows/bin/../lib/gcc/arm-linux-androideabi/4.9/libgcc.a(libunwind.o)
                              c:/android/android-ndk-r10d/toolchains/arm-linux-androideabi-4.9/prebuilt/windows/bin/../lib/gcc/arm-linux-androideabi/4.9/libgcc.a(unwind-arm.o) (restore_core_regs)
c:/android/android-ndk-r10d/toolchains/arm-linux-androideabi-4.9/prebuilt/windows/bin/../lib/gcc/arm-linux-androideabi/4.9/libgcc.a(pr-support.o)
                              c:/android/android-ndk-r10d/toolchains/arm-linux-androideabi-4.9/prebuilt/windows/bin/../lib/gcc/arm-linux-androideabi/4.9/libgcc.a(unwind-arm.o) (__gnu_unwind_execute)
c:/android/android-ndk-r10d/toolchains/arm-linux-androideabi-4.9/prebuilt/windows/bin/../lib/gcc/arm-linux-androideabi/4.9/libgcc.a(_divdi3.o)
                              c:/android/android-ndk-r10d/toolchains/arm-linux-androideabi-4.9/prebuilt/windows/bin/../lib/gcc/arm-linux-androideabi/4.9/libgcc.a(bpabi.o) (__divdi3)
c:/android/android-ndk-r10d/toolchains/arm-linux-androideabi-4.9/prebuilt/windows/bin/../lib/gcc/arm-linux-androideabi/4.9/libgcc.a(_udivdi3.o)
                              c:/android/android-ndk-r10d/toolchains/arm-linux-androideabi-4.9/prebuilt/windows/bin/../lib/gcc/arm-linux-androideabi/4.9/libgcc.a(bpabi.o) (__udivdi3)
c:/android/android-ndk-r10d/toolchains/arm-linux-androideabi-4.9/prebuilt/windows/bin/../lib/gcc/arm-linux-androideabi/4.9/libgcc.a(_lshrdi3.o)
                              c:/android/android-ndk-r10d/toolchains/arm-linux-androideabi-4.9/prebuilt/windows/bin/../lib/gcc/arm-linux-androideabi/4.9/libgcc.a(_divdi3.o) (__aeabi_llsr)
c:/android/android-ndk-r10d/toolchains/arm-linux-androideabi-4.9/prebuilt/windows/bin/../lib/gcc/arm-linux-androideabi/4.9/libgcc.a(_ashldi3.o)
                              c:/android/android-ndk-r10d/toolchains/arm-linux-androideabi-4.9/prebuilt/windows/bin/../lib/gcc/arm-linux-androideabi/4.9/libgcc.a(_divdi3.o) (__aeabi_llsl)

Discarded input sections

 .text          0x00000000       0x34 C:/Android/android-ndk-r10d/platforms/android-14/arch-arm/usr/lib/crtbegin_so.o
 .bss           0x00000000        0x0 C:/Android/android-ndk-r10d/platforms/android-14/arch-arm/usr/lib/crtbegin_so.o
 .note.GNU-stack
                0x00000000        0x0 C:/Android/android-ndk-r10d/platforms/android-14/arch-arm/usr/lib/crtbegin_so.o
 .group         0x00000000        0x8 debug\dpiExt_platform.os
 .group         0x00000000        0x8 debug\dpiExt_platform.os
 .group         0x00000000        0x8 debug\dpiExt_platform.os
 .group         0x00000000        0x8 debug\dpiExt_platform.os
 .group         0x00000000        0x8 debug\dpiExt_platform.os
 .group         0x00000000        0x8 debug\dpiExt_platform.os
 .group         0x00000000        0x8 debug\dpiExt_platform.os
 .group         0x00000000        0x8 debug\dpiExt_platform.os
 .group         0x00000000        0x8 debug\dpiExt_platform.os
 .group         0x00000000        0x8 debug\dpiExt_platform.os
 .text          0x00000000        0x0 debug\dpiExt_platform.os
 .data          0x00000000        0x0 debug\dpiExt_platform.os
 .note.GNU-stack
                0x00000000        0x0 debug\dpiExt_platform.os
 .text          0x00000000        0x0 debug\dpiExt.os
 .data          0x00000000        0x0 debug\dpiExt.os
 .bss           0x00000000        0x0 debug\dpiExt.os
 .note.GNU-stack
                0x00000000        0x0 debug\dpiExt.os
 .text          0x00000000        0x0 debug\dpiExt_register.os
 .data          0x00000000        0x0 debug\dpiExt_register.os
 .bss           0x00000000        0x0 debug\dpiExt_register.os
 .note.GNU-stack
                0x00000000        0x0 debug\dpiExt_register.os
 .text          0x00000000        0x0 C:\marmalade\8.6\s3e\edk\lib\android/libedk.a(IwDebug.o)
 .data          0x00000000        0x0 C:\marmalade\8.6\s3e\edk\lib\android/libedk.a(IwDebug.o)
 .text.IwDebugClearConfigCache
                0x00000000       0x74 C:\marmalade\8.6\s3e\edk\lib\android/libedk.a(IwDebug.o)
 .text.IwDebugAssertIsChannelOn
                0x00000000      0x228 C:\marmalade\8.6\s3e\edk\lib\android/libedk.a(IwDebug.o)
 .text.IwDebugAssertShow
                0x00000000      0x2f8 C:\marmalade\8.6\s3e\edk\lib\android/libedk.a(IwDebug.o)
 .text.IwDebugAssertSetSolution
                0x00000000       0xb4 C:\marmalade\8.6\s3e\edk\lib\android/libedk.a(IwDebug.o)
 .text.IwDebugAssertSetMessage
                0x00000000       0xf4 C:\marmalade\8.6\s3e\edk\lib\android/libedk.a(IwDebug.o)
 .text.IwAssertRegisterTextCallback
                0x00000000       0x20 C:\marmalade\8.6\s3e\edk\lib\android/libedk.a(IwDebug.o)
 .text.IwAssertRegisterCallback
                0x00000000       0x20 C:\marmalade\8.6\s3e\edk\lib\android/libedk.a(IwDebug.o)
 .text.IwDebugTraceDisable
                0x00000000       0x10 C:\marmalade\8.6\s3e\edk\lib\android/libedk.a(IwDebug.o)
 .text.IwDebugTraceChannelSwitch
                0x00000000      0x1fc C:\marmalade\8.6\s3e\edk\lib\android/libedk.a(IwDebug.o)
 .text.IwDebugTraceChannelOverrideReset
                0x00000000       0x4c C:\marmalade\8.6\s3e\edk\lib\android/libedk.a(IwDebug.o)
 .text.IwDebugTraceChannelOverride
                0x00000000      0x1fc C:\marmalade\8.6\s3e\edk\lib\android/libedk.a(IwDebug.o)
 .text.IwDebugErrorRegisterCallback
                0x00000000       0x1c C:\marmalade\8.6\s3e\edk\lib\android/libedk.a(IwDebug.o)
 .text.IwDebugErrorShow
                0x00000000      0x108 C:\marmalade\8.6\s3e\edk\lib\android/libedk.a(IwDebug.o)
 .text.IwDebugAssertSetUID
                0x00000000       0x14 C:\marmalade\8.6\s3e\edk\lib\android/libedk.a(IwDebug.o)
 .note.GNU-stack
                0x00000000        0x0 C:\marmalade\8.6\s3e\edk\lib\android/libedk.a(IwDebug.o)
 .text          0x00000000        0x0 C:\marmalade\8.6\s3e\edk\lib\android/libedk.a(edk_helpers.o)
 .data          0x00000000        0x0 C:\marmalade\8.6\s3e\edk\lib\android/libedk.a(edk_helpers.o)
 .bss           0x00000000        0x0 C:\marmalade\8.6\s3e\edk\lib\android/libedk.a(edk_helpers.o)
 .text.s3eEdkErrorSetString
                0x00000000       0x30 C:\marmalade\8.6\s3e\edk\lib\android/libedk.a(edk_helpers.o)
 .text.s3eEdkThreadRunOnOSAsync
                0x00000000       0x30 C:\marmalade\8.6\s3e\edk\lib\android/libedk.a(edk_helpers.o)
 .note.GNU-stack
                0x00000000        0x0 C:\marmalade\8.6\s3e\edk\lib\android/libedk.a(edk_helpers.o)
 .text          0x00000000        0x0 C:\marmalade\8.6\s3e\edk\lib\android/libedk.a(android_edk_marker.o)
 .data          0x00000000        0x0 C:\marmalade\8.6\s3e\edk\lib\android/libedk.a(android_edk_marker.o)
 .bss           0x00000000        0x0 C:\marmalade\8.6\s3e\edk\lib\android/libedk.a(android_edk_marker.o)
 .note.GNU-stack
                0x00000000        0x0 C:\marmalade\8.6\s3e\edk\lib\android/libedk.a(android_edk_marker.o)
 .data          0x00000000        0x0 c:/android/android-ndk-r10d/toolchains/arm-linux-androideabi-4.9/prebuilt/windows/bin/../lib/gcc/arm-linux-androideabi/4.9/libgcc.a(_aeabi_ldivmod.o)
 .bss           0x00000000        0x0 c:/android/android-ndk-r10d/toolchains/arm-linux-androideabi-4.9/prebuilt/windows/bin/../lib/gcc/arm-linux-androideabi/4.9/libgcc.a(_aeabi_ldivmod.o)
 .note.GNU-stack
                0x00000000        0x0 c:/android/android-ndk-r10d/toolchains/arm-linux-androideabi-4.9/prebuilt/windows/bin/../lib/gcc/arm-linux-androideabi/4.9/libgcc.a(_aeabi_ldivmod.o)
 .data          0x00000000        0x0 c:/android/android-ndk-r10d/toolchains/arm-linux-androideabi-4.9/prebuilt/windows/bin/../lib/gcc/arm-linux-androideabi/4.9/libgcc.a(_dvmd_lnx.o)
 .bss           0x00000000        0x0 c:/android/android-ndk-r10d/toolchains/arm-linux-androideabi-4.9/prebuilt/windows/bin/../lib/gcc/arm-linux-androideabi/4.9/libgcc.a(_dvmd_lnx.o)
 .note.GNU-stack
                0x00000000        0x0 c:/android/android-ndk-r10d/toolchains/arm-linux-androideabi-4.9/prebuilt/windows/bin/../lib/gcc/arm-linux-androideabi/4.9/libgcc.a(_dvmd_lnx.o)
 .data          0x00000000        0x0 c:/android/android-ndk-r10d/toolchains/arm-linux-androideabi-4.9/prebuilt/windows/bin/../lib/gcc/arm-linux-androideabi/4.9/libgcc.a(bpabi.o)
 .bss           0x00000000        0x0 c:/android/android-ndk-r10d/toolchains/arm-linux-androideabi-4.9/prebuilt/windows/bin/../lib/gcc/arm-linux-androideabi/4.9/libgcc.a(bpabi.o)
 .ARM.extab     0x00000000        0x0 c:/android/android-ndk-r10d/toolchains/arm-linux-androideabi-4.9/prebuilt/windows/bin/../lib/gcc/arm-linux-androideabi/4.9/libgcc.a(bpabi.o)
 .note.GNU-stack
                0x00000000        0x0 c:/android/android-ndk-r10d/toolchains/arm-linux-androideabi-4.9/prebuilt/windows/bin/../lib/gcc/arm-linux-androideabi/4.9/libgcc.a(bpabi.o)
 .data          0x00000000        0x0 c:/android/android-ndk-r10d/toolchains/arm-linux-androideabi-4.9/prebuilt/windows/bin/../lib/gcc/arm-linux-androideabi/4.9/libgcc.a(unwind-arm.o)
 .bss           0x00000000        0x0 c:/android/android-ndk-r10d/toolchains/arm-linux-androideabi-4.9/prebuilt/windows/bin/../lib/gcc/arm-linux-androideabi/4.9/libgcc.a(unwind-arm.o)
 .ARM.extab     0x00000000        0x0 c:/android/android-ndk-r10d/toolchains/arm-linux-androideabi-4.9/prebuilt/windows/bin/../lib/gcc/arm-linux-androideabi/4.9/libgcc.a(unwind-arm.o)
 .note.GNU-stack
                0x00000000        0x0 c:/android/android-ndk-r10d/toolchains/arm-linux-androideabi-4.9/prebuilt/windows/bin/../lib/gcc/arm-linux-androideabi/4.9/libgcc.a(unwind-arm.o)
 .data          0x00000000        0x0 c:/android/android-ndk-r10d/toolchains/arm-linux-androideabi-4.9/prebuilt/windows/bin/../lib/gcc/arm-linux-androideabi/4.9/libgcc.a(libunwind.o)
 .bss           0x00000000        0x0 c:/android/android-ndk-r10d/toolchains/arm-linux-androideabi-4.9/prebuilt/windows/bin/../lib/gcc/arm-linux-androideabi/4.9/libgcc.a(libunwind.o)
 .note.GNU-stack
                0x00000000        0x0 c:/android/android-ndk-r10d/toolchains/arm-linux-androideabi-4.9/prebuilt/windows/bin/../lib/gcc/arm-linux-androideabi/4.9/libgcc.a(libunwind.o)
 .data          0x00000000        0x0 c:/android/android-ndk-r10d/toolchains/arm-linux-androideabi-4.9/prebuilt/windows/bin/../lib/gcc/arm-linux-androideabi/4.9/libgcc.a(pr-support.o)
 .bss           0x00000000        0x0 c:/android/android-ndk-r10d/toolchains/arm-linux-androideabi-4.9/prebuilt/windows/bin/../lib/gcc/arm-linux-androideabi/4.9/libgcc.a(pr-support.o)
 .note.GNU-stack
                0x00000000        0x0 c:/android/android-ndk-r10d/toolchains/arm-linux-androideabi-4.9/prebuilt/windows/bin/../lib/gcc/arm-linux-androideabi/4.9/libgcc.a(pr-support.o)
 .data          0x00000000        0x0 c:/android/android-ndk-r10d/toolchains/arm-linux-androideabi-4.9/prebuilt/windows/bin/../lib/gcc/arm-linux-androideabi/4.9/libgcc.a(_divdi3.o)
 .bss           0x00000000        0x0 c:/android/android-ndk-r10d/toolchains/arm-linux-androideabi-4.9/prebuilt/windows/bin/../lib/gcc/arm-linux-androideabi/4.9/libgcc.a(_divdi3.o)
 .ARM.extab     0x00000000        0x0 c:/android/android-ndk-r10d/toolchains/arm-linux-androideabi-4.9/prebuilt/windows/bin/../lib/gcc/arm-linux-androideabi/4.9/libgcc.a(_divdi3.o)
 .note.GNU-stack
                0x00000000        0x0 c:/android/android-ndk-r10d/toolchains/arm-linux-androideabi-4.9/prebuilt/windows/bin/../lib/gcc/arm-linux-androideabi/4.9/libgcc.a(_divdi3.o)
 .data          0x00000000        0x0 c:/android/android-ndk-r10d/toolchains/arm-linux-androideabi-4.9/prebuilt/windows/bin/../lib/gcc/arm-linux-androideabi/4.9/libgcc.a(_udivdi3.o)
 .bss           0x00000000        0x0 c:/android/android-ndk-r10d/toolchains/arm-linux-androideabi-4.9/prebuilt/windows/bin/../lib/gcc/arm-linux-androideabi/4.9/libgcc.a(_udivdi3.o)
 .ARM.extab     0x00000000        0x0 c:/android/android-ndk-r10d/toolchains/arm-linux-androideabi-4.9/prebuilt/windows/bin/../lib/gcc/arm-linux-androideabi/4.9/libgcc.a(_udivdi3.o)
 .note.GNU-stack
                0x00000000        0x0 c:/android/android-ndk-r10d/toolchains/arm-linux-androideabi-4.9/prebuilt/windows/bin/../lib/gcc/arm-linux-androideabi/4.9/libgcc.a(_udivdi3.o)
 .data          0x00000000        0x0 c:/android/android-ndk-r10d/toolchains/arm-linux-androideabi-4.9/prebuilt/windows/bin/../lib/gcc/arm-linux-androideabi/4.9/libgcc.a(_lshrdi3.o)
 .bss           0x00000000        0x0 c:/android/android-ndk-r10d/toolchains/arm-linux-androideabi-4.9/prebuilt/windows/bin/../lib/gcc/arm-linux-androideabi/4.9/libgcc.a(_lshrdi3.o)
 .note.GNU-stack
                0x00000000        0x0 c:/android/android-ndk-r10d/toolchains/arm-linux-androideabi-4.9/prebuilt/windows/bin/../lib/gcc/arm-linux-androideabi/4.9/libgcc.a(_lshrdi3.o)
 .data          0x00000000        0x0 c:/android/android-ndk-r10d/toolchains/arm-linux-androideabi-4.9/prebuilt/windows/bin/../lib/gcc/arm-linux-androideabi/4.9/libgcc.a(_ashldi3.o)
 .bss           0x00000000        0x0 c:/android/android-ndk-r10d/toolchains/arm-linux-androideabi-4.9/prebuilt/windows/bin/../lib/gcc/arm-linux-androideabi/4.9/libgcc.a(_ashldi3.o)
 .note.GNU-stack
                0x00000000        0x0 c:/android/android-ndk-r10d/toolchains/arm-linux-androideabi-4.9/prebuilt/windows/bin/../lib/gcc/arm-linux-androideabi/4.9/libgcc.a(_ashldi3.o)
 .text          0x00000000        0x0 C:/Android/android-ndk-r10d/platforms/android-14/arch-arm/usr/lib/crtend_so.o
 .data          0x00000000        0x0 C:/Android/android-ndk-r10d/platforms/android-14/arch-arm/usr/lib/crtend_so.o
 .bss           0x00000000        0x0 C:/Android/android-ndk-r10d/platforms/android-14/arch-arm/usr/lib/crtend_so.o
 .note.GNU-stack
                0x00000000        0x0 C:/Android/android-ndk-r10d/platforms/android-14/arch-arm/usr/lib/crtend_so.o

Memory map

 ** file header
                0x00000000       0x34
 ** segment headers
                0x00000034      0x100

.interp         0x00000134       0x13
 ** fill        0x00000134       0x13

.dynsym         0x00000148      0x5a0
 ** dynsym      0x00000148      0x5a0

.dynstr         0x000006e8      0x68c
 ** string table
                0x000006e8      0x68c

.hash           0x00000d74      0x27c
 ** hash        0x00000d74      0x27c

.rel.dyn        0x00000ff0       0x60
 ** dynamic relocs
                0x00000ff0       0x60

.rel.plt        0x00001050       0xa0
 ** dynamic relocs
                0x00001050       0xa0

.plt            0x000010f0      0x104
 ** PLT         0x000010f0      0x104

.text           0x000011f4     0x2514
 .text.exit     0x000011f4       0x10 C:/Android/android-ndk-r10d/platforms/android-14/arch-arm/usr/lib/crtbegin_so.o
                0x000011f4                __on_dlclose
 .text.startup._GLOBAL__sub_I_IwDebug.cpp
                0x00001204       0x78 C:\marmalade\8.6\s3e\edk\lib\android/libedk.a(IwDebug.o)
 .text._ZN7_JNIEnv9FindClassEPKc
                0x0000127c       0x3c debug\dpiExt_platform.os
                0x0000127c                _JNIEnv::FindClass(char const*)
 .text._ZN7_JNIEnv17ExceptionOccurredEv
                0x000012b8       0x34 debug\dpiExt_platform.os
                0x000012b8                _JNIEnv::ExceptionOccurred()
 .text._ZN7_JNIEnv17ExceptionDescribeEv
                0x000012ec       0x28 debug\dpiExt_platform.os
                0x000012ec                _JNIEnv::ExceptionDescribe()
 .text._ZN7_JNIEnv14ExceptionClearEv
                0x00001314       0x28 debug\dpiExt_platform.os
                0x00001314                _JNIEnv::ExceptionClear()
 .text._ZN7_JNIEnv12NewGlobalRefEP8_jobject
                0x0000133c       0x3c debug\dpiExt_platform.os
                0x0000133c                _JNIEnv::NewGlobalRef(_jobject*)
 .text._ZN7_JNIEnv14DeleteLocalRefEP8_jobject
                0x00001378       0x30 debug\dpiExt_platform.os
                0x00001378                _JNIEnv::DeleteLocalRef(_jobject*)
 .text._ZN7_JNIEnv9NewObjectEP7_jclassP10_jmethodIDz
                0x000013a8       0x58 debug\dpiExt_platform.os
                0x000013a8                _JNIEnv::NewObject(_jclass*, _jmethodID*, ...)
 .text._ZN7_JNIEnv11GetMethodIDEP7_jclassPKcS3_
                0x00001400       0x4c debug\dpiExt_platform.os
                0x00001400                _JNIEnv::GetMethodID(_jclass*, char const*, char const*)
 .text._ZN7_JNIEnv13CallIntMethodEP8_jobjectP10_jmethodIDz
                0x0000144c       0x58 debug\dpiExt_platform.os
                0x0000144c                _JNIEnv::CallIntMethod(_jobject*, _jmethodID*, ...)
 .text._ZN7_JavaVM6GetEnvEPPvi
                0x000014a4       0x44 debug\dpiExt_platform.os
                0x000014a4                _JavaVM::GetEnv(void**, int)
 .text._ZL15s3eEdkJNIGetEnvv
                0x000014e8       0x40 debug\dpiExt_platform.os
 .text._ZL27s3eEdkAndroidFindClass_realPKc
                0x00001528       0x8c debug\dpiExt_platform.os
 .text._ZL22s3eEdkAndroidFindClassPKc
                0x000015b4       0x3c debug\dpiExt_platform.os
 .text._Z19dpiExtInit_platformv
                0x000015f0      0x230 debug\dpiExt_platform.os
                0x000015f0                dpiExtInit_platform()
 .text._Z24dpiExtTerminate_platformv
                0x00001820        0x4 debug\dpiExt_platform.os
                0x00001820                dpiExtTerminate_platform()
 .text._Z27dpiExtGetDeviceDPI_platformv
                0x00001824       0x54 debug\dpiExt_platform.os
                0x00001824                dpiExtGetDeviceDPI_platform()
 .text._Z10dpiExtInitv
                0x00001878       0x18 debug\dpiExt.os
                0x00001878                dpiExtInit()
 .text._Z15dpiExtTerminatev
                0x00001890        0xc debug\dpiExt.os
                0x00001890                dpiExtTerminate()
 .text.dpiExtGetDeviceDPI
                0x0000189c       0x18 debug\dpiExt.os
                0x0000189c                dpiExtGetDeviceDPI
 .text._ZL23dpiExtGetDeviceDPI_wrapv
                0x000018b4       0x90 debug\dpiExt_register.os
 .text._Z17dpiExtRegisterExtv
                0x00001944       0x84 debug\dpiExt_register.os
                0x00001944                dpiExtRegisterExt()
 .text.RegisterExt
                0x000019c8        0xc debug\dpiExt_register.os
                0x000019c8                RegisterExt
 .text.IwDebugTraceIsChannelOn
                0x000019d4      0x2f4 C:\marmalade\8.6\s3e\edk\lib\android/libedk.a(IwDebug.o)
                0x000019d4                IwDebugTraceIsChannelOn
 .text.IwDebugTraceSetTraceChannel
                0x00001cc8       0x18 C:\marmalade\8.6\s3e\edk\lib\android/libedk.a(IwDebug.o)
                0x00001cc8                IwDebugTraceSetTraceChannel
 .text.IwDebugTraceLineVPrintf
                0x00001ce0       0xfc C:\marmalade\8.6\s3e\edk\lib\android/libedk.a(IwDebug.o)
                0x00001ce0                IwDebugTraceLineVPrintf
 .text.IwDebugTraceLinePrintf
                0x00001ddc       0x30 C:\marmalade\8.6\s3e\edk\lib\android/libedk.a(IwDebug.o)
                0x00001ddc                IwDebugTraceLinePrintf
 .text.s3eEdkThreadRunOnOS
                0x00001e0c       0x30 C:\marmalade\8.6\s3e\edk\lib\android/libedk.a(edk_helpers.o)
                0x00001e0c                s3eEdkThreadRunOnOS
 .text.libplaceholderplaceholderplaceholderplaceholderplaceholder
                0x00001e3c        0x4 C:\marmalade\8.6\s3e\edk\lib\android/libedk.a(android_edk_marker.o)
                0x00001e3c                libplaceholderplaceholderplaceholderplaceholderplaceholder
 .text          0x00001e40       0x44 c:/android/android-ndk-r10d/toolchains/arm-linux-androideabi-4.9/prebuilt/windows/bin/../lib/gcc/arm-linux-androideabi/4.9/libgcc.a(_aeabi_ldivmod.o)
                0x00001e40                __aeabi_ldivmod
 .text          0x00001e84       0x10 c:/android/android-ndk-r10d/toolchains/arm-linux-androideabi-4.9/prebuilt/windows/bin/../lib/gcc/arm-linux-androideabi/4.9/libgcc.a(_dvmd_lnx.o)
                0x00001e84                __aeabi_idiv0
                0x00001e84                __aeabi_ldiv0
 .text          0x00001e94       0x78 c:/android/android-ndk-r10d/toolchains/arm-linux-androideabi-4.9/prebuilt/windows/bin/../lib/gcc/arm-linux-androideabi/4.9/libgcc.a(bpabi.o)
                0x00001e94                __gnu_ldivmod_helper
                0x00001ed0                __gnu_uldivmod_helper
 .text          0x00001f0c      0xee8 c:/android/android-ndk-r10d/toolchains/arm-linux-androideabi-4.9/prebuilt/windows/bin/../lib/gcc/arm-linux-androideabi/4.9/libgcc.a(unwind-arm.o)
                0x00002a74                __aeabi_unwind_cpp_pr0
                0x00002a7c                __aeabi_unwind_cpp_pr1
                0x00002a84                __aeabi_unwind_cpp_pr2
                0x00002338                _Unwind_GetCFA
                0x00002340                __gnu_Unwind_RaiseException
                0x000023e4                __gnu_Unwind_ForcedUnwind
                0x00002400                __gnu_Unwind_Resume
                0x00002474                __gnu_Unwind_Resume_or_Rethrow
                0x00002494                _Unwind_Complete
                0x00002498                _Unwind_DeleteException
                0x000024b0                _Unwind_VRS_Get
                0x00002534                _Unwind_VRS_Set
                0x000025bc                __gnu_Unwind_Backtrace
                0x00002a8c                _Unwind_VRS_Pop
 .text          0x00002df4      0x1a8 c:/android/android-ndk-r10d/toolchains/arm-linux-androideabi-4.9/prebuilt/windows/bin/../lib/gcc/arm-linux-androideabi/4.9/libgcc.a(libunwind.o)
                0x00002df4                __restore_core_regs
                0x00002df4                restore_core_regs
                0x00002e08                __gnu_Unwind_Restore_VFP
                0x00002e10                __gnu_Unwind_Save_VFP
                0x00002e18                __gnu_Unwind_Restore_VFP_D
                0x00002e20                __gnu_Unwind_Save_VFP_D
                0x00002e28                __gnu_Unwind_Restore_VFP_D_16_to_31
                0x00002e30                __gnu_Unwind_Save_VFP_D_16_to_31
                0x00002e38                __gnu_Unwind_Restore_WMMXD
                0x00002e7c                __gnu_Unwind_Save_WMMXD
                0x00002ec0                __gnu_Unwind_Restore_WMMXC
                0x00002ed4                __gnu_Unwind_Save_WMMXC
                0x00002ee8                ___Unwind_RaiseException
                0x00002ee8                _Unwind_RaiseException
                0x00002f0c                ___Unwind_Resume
                0x00002f0c                _Unwind_Resume
                0x00002f30                ___Unwind_Resume_or_Rethrow
                0x00002f30                _Unwind_Resume_or_Rethrow
                0x00002f54                ___Unwind_ForcedUnwind
                0x00002f54                _Unwind_ForcedUnwind
                0x00002f78                ___Unwind_Backtrace
                0x00002f78                _Unwind_Backtrace
 .text          0x00002f9c      0x490 c:/android/android-ndk-r10d/toolchains/arm-linux-androideabi-4.9/prebuilt/windows/bin/../lib/gcc/arm-linux-androideabi/4.9/libgcc.a(pr-support.o)
                0x00003028                __gnu_unwind_execute
                0x000033b0                __gnu_unwind_frame
                0x000033f0                _Unwind_GetRegionStart
                0x00003400                _Unwind_GetLanguageSpecificData
                0x0000341c                _Unwind_GetDataRelBase
                0x00003424                _Unwind_GetTextRelBase
 .text          0x0000342c      0x194 c:/android/android-ndk-r10d/toolchains/arm-linux-androideabi-4.9/prebuilt/windows/bin/../lib/gcc/arm-linux-androideabi/4.9/libgcc.a(_divdi3.o)
                0x0000342c                __divdi3
 .text          0x000035c0      0x110 c:/android/android-ndk-r10d/toolchains/arm-linux-androideabi-4.9/prebuilt/windows/bin/../lib/gcc/arm-linux-androideabi/4.9/libgcc.a(_udivdi3.o)
                0x000035c0                __udivdi3
 .text          0x000036d0       0x1c c:/android/android-ndk-r10d/toolchains/arm-linux-androideabi-4.9/prebuilt/windows/bin/../lib/gcc/arm-linux-androideabi/4.9/libgcc.a(_lshrdi3.o)
                0x000036d0                __lshrdi3
                0x000036d0                __aeabi_llsr
 .text          0xffffffffffffffff       0x1c c:/android/android-ndk-r10d/toolchains/arm-linux-androideabi-4.9/prebuilt/windows/bin/../lib/gcc/arm-linux-androideabi/4.9/libgcc.a(_ashldi3.o)
                0x000036ec                __ashldi3
                0x000036ec                __aeabi_llsl

.rodata         0x00003708      0x1de
 .rodata        0x00003708       0x74 debug\dpiExt_platform.os
 .rodata        0x0000377c       0x50 debug\dpiExt_register.os
 ** merge strings
                0x000037cc      0x11a

.ARM.extab      0x000038e8       0x3c
 .ARM.extab     0x000038e8        0xc c:/android/android-ndk-r10d/toolchains/arm-linux-androideabi-4.9/prebuilt/windows/bin/../lib/gcc/arm-linux-androideabi/4.9/libgcc.a(_dvmd_lnx.o)
 .ARM.extab     0x000038f4       0x30 c:/android/android-ndk-r10d/toolchains/arm-linux-androideabi-4.9/prebuilt/windows/bin/../lib/gcc/arm-linux-androideabi/4.9/libgcc.a(pr-support.o)

.ARM.exidx      0x00003924      0x120
 .ARM.exidx     0x00003924        0x8 c:/android/android-ndk-r10d/toolchains/arm-linux-androideabi-4.9/prebuilt/windows/bin/../lib/gcc/arm-linux-androideabi/4.9/libgcc.a(_dvmd_lnx.o)
 .ARM.exidx     0x0000392c       0x10 c:/android/android-ndk-r10d/toolchains/arm-linux-androideabi-4.9/prebuilt/windows/bin/../lib/gcc/arm-linux-androideabi/4.9/libgcc.a(bpabi.o)
 .ARM.exidx     0xffffffffffffffff       0xd8 c:/android/android-ndk-r10d/toolchains/arm-linux-androideabi-4.9/prebuilt/windows/bin/../lib/gcc/arm-linux-androideabi/4.9/libgcc.a(unwind-arm.o)
 ** ARM cantunwind
                0x000039dc        0x8
 .ARM.exidx     0x000039e4       0x48 c:/android/android-ndk-r10d/toolchains/arm-linux-androideabi-4.9/prebuilt/windows/bin/../lib/gcc/arm-linux-androideabi/4.9/libgcc.a(pr-support.o)
 .ARM.exidx     0x00003a2c        0x8 c:/android/android-ndk-r10d/toolchains/arm-linux-androideabi-4.9/prebuilt/windows/bin/../lib/gcc/arm-linux-androideabi/4.9/libgcc.a(_divdi3.o)
 .ARM.exidx     0x00003a34        0x8 c:/android/android-ndk-r10d/toolchains/arm-linux-androideabi-4.9/prebuilt/windows/bin/../lib/gcc/arm-linux-androideabi/4.9/libgcc.a(_udivdi3.o)
 ** ARM cantunwind
                0x00003a3c        0x8

.fini_array     0x00004e8c        0x8
 .fini_array    0x00004e8c        0x4 C:/Android/android-ndk-r10d/platforms/android-14/arch-arm/usr/lib/crtbegin_so.o
 .fini_array    0x00004e90        0x4 C:/Android/android-ndk-r10d/platforms/android-14/arch-arm/usr/lib/crtend_so.o

.init_array     0x00004e94        0x8
 .init_array    0x00004e94        0x4 C:\marmalade\8.6\s3e\edk\lib\android/libedk.a(IwDebug.o)
 .init_array    0x00004e98        0x4 C:/Android/android-ndk-r10d/platforms/android-14/arch-arm/usr/lib/crtend_so.o

.dynamic        0x00004e9c       0xe0
 ** dynamic     0x00004e9c       0xe0

.got            0x00004f7c       0x84
 ** GOT         0x00004f7c       0x28
 ** GOT PLT     0x00004fa4       0x5c

.data           0x00005000        0x4
 .data          0x00005000        0x4 C:/Android/android-ndk-r10d/platforms/android-14/arch-arm/usr/lib/crtbegin_so.o
                0x00005000                __dso_handle

.bss            0x00005004     0x2930
 .bss           0x00005004        0x8 debug\dpiExt_platform.os
 .bss           0x0000500c     0x2928 C:\marmalade\8.6\s3e\edk\lib\android/libedk.a(IwDebug.o)
                0x0000500c                g_DebugGlobals
